[0m14:15:43.891375 [debug] [MainThread]: Sending event: {'category': 'dbt', 'action': 'invocation', 'label': 'start', 'context': [<snowplow_tracker.self_describing_json.SelfDescribingJson object at 0x0000016F41C75400>, <snowplow_tracker.self_describing_json.SelfDescribingJson object at 0x0000016F3F54CE10>, <snowplow_tracker.self_describing_json.SelfDescribingJson object at 0x0000016F4456FED0>]}


============================== 14:15:43.910917 | 0e23c537-ce6c-437e-9567-f74a2d6fe98f ==============================
[0m14:15:43.910917 [info ] [MainThread]: Running with dbt=1.12.0
[0m14:15:43.911497 [debug] [MainThread]: running dbt with arguments {'static_parser': 'True', 'no_print': 'None', 'version_check': 'True', 'target_path': 'None', 'maximum_seed_size_mib': '1', 'warn_error_options': 'WarnErrorOptionsV2(error=[], warn=[], silence=[])', 'printer_width': '80', 'write_json': 'True', 'empty': 'None', 'log_cache_events': 'False', 'introspect': 'True', 'cache_selected_only': 'False', 'log_format': 'default', 'debug': 'False', 'fail_fast': 'False', 'profiles_dir': 'C:\\Users\\Blober\\.dbt', 'send_anonymous_usage_stats': 'True', 'quiet': 'False', 'warn_error': 'None', 'partial_parse': 'True', 'indirect_selection': 'eager', 'hints_enabled': 'True', 'invocation_command': 'dbt init fintech_project', 'use_experimental_parser': 'False', 'use_colors': 'True', 'log_path': 'logs'}
[0m14:15:43.970423 [info ] [MainThread]: Creating dbt configuration folder at C:\Users\Blober\.dbt
[0m14:15:43.972052 [debug] [MainThread]: Starter project path: C:\Users\Blober\Desktop\fintech-analytics\venv\Lib\site-packages\dbt\include\starter_project
[0m14:15:43.993284 [info ] [MainThread]: Setting up your profile.
[0m14:17:16.154271 [info ] [MainThread]: Profile fintech_project written to C:\Users\Blober\.dbt\profiles.yml using target's profile_template.yml and your supplied values.
[0m14:17:16.163758 [info ] [MainThread]: Running dbt debug to validate the project...
[0m14:17:16.164601 [info ] [MainThread]: dbt version: 1.12.0
[0m14:17:16.164960 [info ] [MainThread]: python version: 3.14.5
[0m14:17:16.165280 [info ] [MainThread]: python path: C:\Users\Blober\Desktop\fintech-analytics\venv\Scripts\python.exe
[0m14:17:16.165513 [info ] [MainThread]: os info: Windows-11-10.0.26200-SP0
[0m14:17:16.209896 [info ] [MainThread]: Using profiles dir at C:\Users\Blober\.dbt
[0m14:17:16.210328 [info ] [MainThread]: Using profiles.yml file at C:\Users\Blober\.dbt\profiles.yml
[0m14:17:16.210714 [info ] [MainThread]: Using dbt_project.yml file at C:\Users\Blober\Desktop\fintech-analytics\fintech_project\dbt_project.yml
[0m14:17:16.211483 [info ] [MainThread]: adapter type: postgres
[0m14:17:16.211774 [info ] [MainThread]: adapter version: 1.11.0
[0m14:17:16.296323 [info ] [MainThread]: Configuration:
[0m14:17:16.296802 [info ] [MainThread]:   profiles.yml file [[32mOK found and valid[0m]
[0m14:17:16.297082 [info ] [MainThread]:   dbt_project.yml file [[32mOK found and valid[0m]
[0m14:17:16.297328 [info ] [MainThread]: Required dependencies:
[0m14:17:16.297578 [debug] [MainThread]: Executing "git --help"
[0m14:17:16.335110 [debug] [MainThread]: STDOUT: "b"usage: git [-v | --version] [-h | --help] [-C <path>] [-c <name>=<value>]\n           [--exec-path[=<path>]] [--html-path] [--man-path] [--info-path]\n           [-p | --paginate | -P | --no-pager] [--no-replace-objects] [--no-lazy-fetch]\n           [--no-optional-locks] [--no-advice] [--bare] [--git-dir=<path>]\n           [--work-tree=<path>] [--namespace=<name>] [--config-env=<name>=<envvar>]\n           <command> [<args>]\n\nThese are common Git commands used in various situations:\n\nstart a working area (see also: git help tutorial)\n   clone      Clone a repository into a new directory\n   init       Create an empty Git repository or reinitialize an existing one\n\nwork on the current change (see also: git help everyday)\n   add        Add file contents to the index\n   mv         Move or rename a file, a directory, or a symlink\n   restore    Restore working tree files\n   rm         Remove files from the working tree and from the index\n\nexamine the history and state (see also: git help revisions)\n   bisect     Use binary search to find the commit that introduced a bug\n   diff       Show changes between commits, commit and working tree, etc\n   grep       Print lines matching a pattern\n   log        Show commit logs\n   show       Show various types of objects\n   status     Show the working tree status\n\ngrow, mark and tweak your common history\n   backfill   Download missing objects in a partial clone\n   branch     List, create, or delete branches\n   commit     Record changes to the repository\n   history    EXPERIMENTAL: Rewrite history\n   merge      Join two or more development histories together\n   rebase     Reapply commits on top of another base tip\n   reset      Set `HEAD` or the index to a known state\n   switch     Switch branches\n   tag        Create, list, delete or verify tags\n\ncollaborate (see also: git help workflows)\n   fetch      Download objects and refs from another repository\n   pull       Fetch from and integrate with another repository or a local branch\n   push       Update remote refs along with associated objects\n\n'git help -a' and 'git help -g' list available subcommands and some\nconcept guides. See 'git help <command>' or 'git help <concept>'\nto read about a specific subcommand or concept.\nSee 'git help git' for an overview of the system.\n""
[0m14:17:16.335510 [debug] [MainThread]: STDERR: "b''"
[0m14:17:16.335811 [info ] [MainThread]:  - git [[32mOK found[0m]

[0m14:17:16.336156 [info ] [MainThread]: Connection:
[0m14:17:16.336483 [info ] [MainThread]:   host: db.tgzaovlrlqzqzmnrgbbg.supabase.co
[0m14:17:16.336748 [info ] [MainThread]:   port: 5432
[0m14:17:16.337005 [info ] [MainThread]:   user: postgres
[0m14:17:16.337255 [info ] [MainThread]:   database: postgres
[0m14:17:16.337509 [info ] [MainThread]:   schema: public
[0m14:17:16.337733 [info ] [MainThread]:   connect_timeout: 10
[0m14:17:16.337937 [info ] [MainThread]:   role: None
[0m14:17:16.338129 [info ] [MainThread]:   search_path: None
[0m14:17:16.338316 [info ] [MainThread]:   keepalives_idle: 0
[0m14:17:16.338505 [info ] [MainThread]:   sslmode: None
[0m14:17:16.338695 [info ] [MainThread]:   sslcert: None
[0m14:17:16.338878 [info ] [MainThread]:   sslkey: None
[0m14:17:16.339133 [info ] [MainThread]:   sslrootcert: None
[0m14:17:16.339355 [info ] [MainThread]:   application_name: dbt
[0m14:17:16.339543 [info ] [MainThread]:   autocommit: False
[0m14:17:16.339736 [info ] [MainThread]:   retries: 1
[0m14:17:16.340101 [info ] [MainThread]: Registered adapter: postgres=1.11.0
[0m14:17:16.458176 [debug] [MainThread]: Acquiring new postgres connection 'debug'
[0m14:17:18.674043 [debug] [MainThread]: Using postgres connection "debug"
[0m14:17:18.674359 [debug] [MainThread]: On debug: select 1 as id
[0m14:17:18.674552 [debug] [MainThread]: Opening a new connection, currently in state init
[0m14:17:20.434863 [debug] [MainThread]: Postgres adapter: Got a retryable error when attempting to open a postgres connection.
1 attempts remaining. Retrying in 0 seconds.
Error:
connection to server at "db.tgzaovlrlqzqzmnrgbbg.supabase.co" (2600:1f14:131e:fd01:46d2:3f0b:9cba:c6aa), port 5432 failed: FATAL:  password authentication failed for user "postgres"
connection to server at "db.tgzaovlrlqzqzmnrgbbg.supabase.co" (2600:1f14:131e:fd01:46d2:3f0b:9cba:c6aa), port 5432 failed: FATAL:  password authentication failed for user "postgres"

[0m14:17:22.166052 [debug] [MainThread]: Postgres adapter: Error running SQL: select 1 as id
[0m14:17:22.166454 [debug] [MainThread]: Postgres adapter: Rolling back transaction.
[0m14:17:22.166784 [debug] [MainThread]: On debug: No close available on handle
[0m14:17:22.167026 [info ] [MainThread]:   Connection test: [[31mERROR[0m]

[0m14:17:22.167448 [info ] [MainThread]: [31m1 check failed:[0m
[0m14:17:22.168053 [info ] [MainThread]: dbt was unable to connect to the specified database.
The database returned the following error:

  >Database Error
  connection to server at "db.tgzaovlrlqzqzmnrgbbg.supabase.co" (2600:1f14:131e:fd01:46d2:3f0b:9cba:c6aa), port 5432 failed: FATAL:  password authentication failed for user "postgres"
  connection to server at "db.tgzaovlrlqzqzmnrgbbg.supabase.co" (2600:1f14:131e:fd01:46d2:3f0b:9cba:c6aa), port 5432 failed: FATAL:  password authentication failed for user "postgres"
  

Check your database credentials and try again. For more information, visit:
https://docs.getdbt.com/docs/configure-your-profile


[0m14:17:22.168939 [info ] [MainThread]: Your new dbt project "fintech_project" was created!
Initialized new project in C:\Users\Blober\Desktop\fintech-analytics\fintech_project\fintech_project

For more information on how to configure the profiles.yml file,
please consult the dbt documentation here:

  https://docs.getdbt.com/docs/configure-your-profile

One more thing:

Need help? Don't hesitate to reach out to us via GitHub issues or on Slack:

  https://community.getdbt.com/

Happy modeling!

[0m14:17:22.169478 [info ] [MainThread]: [31mYour profile may need adjustments. You can find the logs of `dbt debug` above[0m
[0m14:17:22.170403 [debug] [MainThread]: Command `dbt init` succeeded at 14:17:22.170279 after 98.38 seconds
[0m14:17:22.171042 [debug] [MainThread]: Connection 'debug' was properly closed.
[0m14:17:22.171297 [debug] [MainThread]: Sending event: {'category': 'dbt', 'action': 'invocation', 'label': 'end', 'context': [<snowplow_tracker.self_describing_json.SelfDescribingJson object at 0x0000016F443C3490>, <snowplow_tracker.self_describing_json.SelfDescribingJson object at 0x0000016F4488B890>, <snowplow_tracker.self_describing_json.SelfDescribingJson object at 0x0000016F4277B020>]}
[0m14:17:22.171603 [debug] [MainThread]: Flushing usage events
[0m14:17:22.705051 [debug] [MainThread]: An error was encountered while trying to flush usage events
[0m14:18:32.580270 [debug] [MainThread]: Sending event: {'category': 'dbt', 'action': 'invocation', 'label': 'start', 'context': [<snowplow_tracker.self_describing_json.SelfDescribingJson object at 0x000001F55B1D5400>, <snowplow_tracker.self_describing_json.SelfDescribingJson object at 0x000001F558AACE10>, <snowplow_tracker.self_describing_json.SelfDescribingJson object at 0x000001F55DACFED0>]}


============================== 14:18:32.587030 | 1bee4618-003f-4589-895c-07ce76c556bb ==============================
[0m14:18:32.587030 [info ] [MainThread]: Running with dbt=1.12.0
[0m14:18:32.587590 [debug] [MainThread]: running dbt with arguments {'version_check': 'True', 'no_print': 'None', 'maximum_seed_size_mib': '1', 'warn_error_options': 'WarnErrorOptionsV2(error=[], warn=[], silence=[])', 'target_path': 'None', 'static_parser': 'True', 'printer_width': '80', 'write_json': 'True', 'introspect': 'True', 'log_cache_events': 'False', 'empty': 'None', 'cache_selected_only': 'False', 'fail_fast': 'False', 'debug': 'False', 'log_format': 'default', 'profiles_dir': 'C:\\Users\\Blober\\.dbt', 'send_anonymous_usage_stats': 'True', 'quiet': 'False', 'warn_error': 'None', 'partial_parse': 'True', 'use_colors': 'True', 'hints_enabled': 'True', 'invocation_command': 'dbt debug', 'use_experimental_parser': 'False', 'indirect_selection': 'eager', 'log_path': 'logs'}
[0m14:18:32.644723 [info ] [MainThread]: dbt version: 1.12.0
[0m14:18:32.645147 [info ] [MainThread]: python version: 3.14.5
[0m14:18:32.645453 [info ] [MainThread]: python path: C:\Users\Blober\Desktop\fintech-analytics\venv\Scripts\python.exe
[0m14:18:32.645697 [info ] [MainThread]: os info: Windows-11-10.0.26200-SP0
[0m14:18:32.689946 [info ] [MainThread]: Using profiles dir at C:\Users\Blober\.dbt
[0m14:18:32.690428 [info ] [MainThread]: Using profiles.yml file at C:\Users\Blober\.dbt\profiles.yml
[0m14:18:32.690805 [info ] [MainThread]: Using dbt_project.yml file at C:\Users\Blober\Desktop\fintech-analytics\dbt_project.yml
[0m14:18:32.691630 [info ] [MainThread]: adapter type: postgres
[0m14:18:32.692018 [info ] [MainThread]: adapter version: 1.11.0
[0m14:18:32.692539 [info ] [MainThread]: Configuration:
[0m14:18:32.692897 [info ] [MainThread]:   profiles.yml file [[32mOK found and valid[0m]
[0m14:18:32.693194 [info ] [MainThread]:   dbt_project.yml file [[31mERROR not found[0m]
[0m14:18:32.693462 [info ] [MainThread]: Required dependencies:
[0m14:18:32.693730 [debug] [MainThread]: Executing "git --help"
[0m14:18:32.732655 [debug] [MainThread]: STDOUT: "b"usage: git [-v | --version] [-h | --help] [-C <path>] [-c <name>=<value>]\n           [--exec-path[=<path>]] [--html-path] [--man-path] [--info-path]\n           [-p | --paginate | -P | --no-pager] [--no-replace-objects] [--no-lazy-fetch]\n           [--no-optional-locks] [--no-advice] [--bare] [--git-dir=<path>]\n           [--work-tree=<path>] [--namespace=<name>] [--config-env=<name>=<envvar>]\n           <command> [<args>]\n\nThese are common Git commands used in various situations:\n\nstart a working area (see also: git help tutorial)\n   clone      Clone a repository into a new directory\n   init       Create an empty Git repository or reinitialize an existing one\n\nwork on the current change (see also: git help everyday)\n   add        Add file contents to the index\n   mv         Move or rename a file, a directory, or a symlink\n   restore    Restore working tree files\n   rm         Remove files from the working tree and from the index\n\nexamine the history and state (see also: git help revisions)\n   bisect     Use binary search to find the commit that introduced a bug\n   diff       Show changes between commits, commit and working tree, etc\n   grep       Print lines matching a pattern\n   log        Show commit logs\n   show       Show various types of objects\n   status     Show the working tree status\n\ngrow, mark and tweak your common history\n   backfill   Download missing objects in a partial clone\n   branch     List, create, or delete branches\n   commit     Record changes to the repository\n   history    EXPERIMENTAL: Rewrite history\n   merge      Join two or more development histories together\n   rebase     Reapply commits on top of another base tip\n   reset      Set `HEAD` or the index to a known state\n   switch     Switch branches\n   tag        Create, list, delete or verify tags\n\ncollaborate (see also: git help workflows)\n   fetch      Download objects and refs from another repository\n   pull       Fetch from and integrate with another repository or a local branch\n   push       Update remote refs along with associated objects\n\n'git help -a' and 'git help -g' list available subcommands and some\nconcept guides. See 'git help <command>' or 'git help <concept>'\nto read about a specific subcommand or concept.\nSee 'git help git' for an overview of the system.\n""
[0m14:18:32.733009 [debug] [MainThread]: STDERR: "b''"
[0m14:18:32.733284 [info ] [MainThread]:  - git [[32mOK found[0m]

[0m14:18:32.733619 [info ] [MainThread]: Connection:
[0m14:18:32.733913 [info ] [MainThread]:   host: db.tgzaovlrlqzqzmnrgbbg.supabase.co
[0m14:18:32.734190 [info ] [MainThread]:   port: 5432
[0m14:18:32.734462 [info ] [MainThread]:   user: postgres
[0m14:18:32.734835 [info ] [MainThread]:   database: postgres
[0m14:18:32.735194 [info ] [MainThread]:   schema: public
[0m14:18:32.735489 [info ] [MainThread]:   connect_timeout: 10
[0m14:18:32.735742 [info ] [MainThread]:   role: None
[0m14:18:32.735965 [info ] [MainThread]:   search_path: None
[0m14:18:32.736181 [info ] [MainThread]:   keepalives_idle: 0
[0m14:18:32.736382 [info ] [MainThread]:   sslmode: None
[0m14:18:32.736572 [info ] [MainThread]:   sslcert: None
[0m14:18:32.736769 [info ] [MainThread]:   sslkey: None
[0m14:18:32.736951 [info ] [MainThread]:   sslrootcert: None
[0m14:18:32.737143 [info ] [MainThread]:   application_name: dbt
[0m14:18:32.737328 [info ] [MainThread]:   autocommit: False
[0m14:18:32.737516 [info ] [MainThread]:   retries: 1
[0m14:18:32.737849 [info ] [MainThread]: Registered adapter: postgres=1.11.0
[0m14:18:32.854236 [debug] [MainThread]: Acquiring new postgres connection 'debug'
[0m14:18:32.884761 [debug] [MainThread]: Using postgres connection "debug"
[0m14:18:32.885055 [debug] [MainThread]: On debug: select 1 as id
[0m14:18:32.885255 [debug] [MainThread]: Opening a new connection, currently in state init
[0m14:18:42.962709 [debug] [MainThread]: Postgres adapter: Got a retryable error when attempting to open a postgres connection.
1 attempts remaining. Retrying in 0 seconds.
Error:
connection to server at "db.tgzaovlrlqzqzmnrgbbg.supabase.co" (2600:1f14:131e:fd01:46d2:3f0b:9cba:c6aa), port 5432 failed: timeout expired

[0m14:18:52.974847 [debug] [MainThread]: Postgres adapter: Error running SQL: select 1 as id
[0m14:18:52.975566 [debug] [MainThread]: Postgres adapter: Rolling back transaction.
[0m14:18:52.976099 [debug] [MainThread]: On debug: No close available on handle
[0m14:18:52.976623 [info ] [MainThread]:   Connection test: [[31mERROR[0m]

[0m14:18:52.977893 [info ] [MainThread]: [31m2 checks failed:[0m
[0m14:18:52.978541 [info ] [MainThread]: Project loading failed for the following reason:
 project path <C:\Users\Blober\Desktop\fintech-analytics\dbt_project.yml> not found

[0m14:18:52.979311 [info ] [MainThread]: dbt was unable to connect to the specified database.
The database returned the following error:

  >Database Error
  connection to server at "db.tgzaovlrlqzqzmnrgbbg.supabase.co" (2600:1f14:131e:fd01:46d2:3f0b:9cba:c6aa), port 5432 failed: timeout expired
  

Check your database credentials and try again. For more information, visit:
https://docs.getdbt.com/docs/configure-your-profile


[0m14:18:52.980711 [debug] [MainThread]: Command `dbt debug` failed at 14:18:52.980563 after 20.51 seconds
[0m14:18:52.981085 [debug] [MainThread]: Connection 'debug' was properly closed.
[0m14:18:52.981418 [debug] [MainThread]: Sending event: {'category': 'dbt', 'action': 'invocation', 'label': 'end', 'context': [<snowplow_tracker.self_describing_json.SelfDescribingJson object at 0x000001F55DB236F0>, <snowplow_tracker.self_describing_json.SelfDescribingJson object at 0x000001F55DC060F0>, <snowplow_tracker.self_describing_json.SelfDescribingJson object at 0x000001F55DB1B680>]}
[0m14:18:52.981753 [debug] [MainThread]: Flushing usage events
[0m14:18:53.503001 [debug] [MainThread]: An error was encountered while trying to flush usage events
[0m14:31:15.614139 [debug] [MainThread]: Sending event: {'category': 'dbt', 'action': 'invocation', 'label': 'start', 'context': [<snowplow_tracker.self_describing_json.SelfDescribingJson object at 0x000001A413D05400>, <snowplow_tracker.self_describing_json.SelfDescribingJson object at 0x000001A4115B0E10>, <snowplow_tracker.self_describing_json.SelfDescribingJson object at 0x000001A4165939D0>]}


============================== 14:31:15.661129 | 1b8bdcb4-3d54-43e5-bf4d-9e361a17c56a ==============================
[0m14:31:15.661129 [info ] [MainThread]: Running with dbt=1.12.0
[0m14:31:15.661690 [debug] [MainThread]: running dbt with arguments {'static_parser': 'True', 'no_print': 'None', 'maximum_seed_size_mib': '1', 'warn_error_options': 'WarnErrorOptionsV2(error=[], warn=[], silence=[])', 'target_path': 'None', 'version_check': 'True', 'printer_width': '80', 'write_json': 'True', 'empty': 'False', 'log_cache_events': 'False', 'introspect': 'True', 'cache_selected_only': 'False', 'fail_fast': 'False', 'debug': 'False', 'log_format': 'default', 'profiles_dir': 'C:\\Users\\Blober\\.dbt', 'send_anonymous_usage_stats': 'True', 'quiet': 'False', 'warn_error': 'None', 'partial_parse': 'True', 'indirect_selection': 'eager', 'hints_enabled': 'True', 'invocation_command': 'dbt run', 'use_experimental_parser': 'False', 'use_colors': 'True', 'log_path': 'logs'}
[0m14:31:15.662034 [error] [MainThread]: [[31mERROR[0m]: Encountered an error:
Runtime Error
  No dbt_project.yml found at expected path C:\Users\Blober\Desktop\fintech-analytics\dbt_project.yml
  Verify that each entry within packages.yml (and their transitive dependencies) contains a file named dbt_project.yml
  
[0m14:31:15.662936 [debug] [MainThread]: Command `dbt run` failed at 14:31:15.662837 after 0.15 seconds
[0m14:31:15.663191 [debug] [MainThread]: Sending event: {'category': 'dbt', 'action': 'invocation', 'label': 'end', 'context': [<snowplow_tracker.self_describing_json.SelfDescribingJson object at 0x000001A4165F8E90>, <snowplow_tracker.self_describing_json.SelfDescribingJson object at 0x000001A41660BE30>, <snowplow_tracker.self_describing_json.SelfDescribingJson object at 0x000001A416660D10>]}
[0m14:31:15.663437 [debug] [MainThread]: Flushing usage events
[0m14:31:16.154732 [debug] [MainThread]: An error was encountered while trying to flush usage events
